[jellywp.com/html/sprasa-preview/index.html]
[backblue.gif]
[fade.gif]
[index.html]
[jellywp.com/html/sprasa-preview/img/favicon.png]
[jellywp.com/html/sprasa-preview/img/logo_n.png]
[jellywp.com/html/sprasa-preview/img/logo_w.png]
[jellywp.com/html/sprasa-preview/img/herdian-indraputra-6kNVJ1fr3Ug-unsplash-380x380.jpg]
[jellywp.com/html/sprasa-preview/css/style.css]
[jellywp.com/html/sprasa-preview/post-layout-2.html]
[jellywp.com/html/sprasa-preview/post-layout-3.html]
[jellywp.com/html/sprasa-preview/post-format-standard.html]
[jellywp.com/html/sprasa-preview/post-format-gallery.html]
[jellywp.com/html/sprasa-preview/post-format-quote.html]
[jellywp.com/html/sprasa-preview/post-format-video.html]
[jellywp.com/html/sprasa-preview/post-format-audio.html]
[jellywp.com/html/sprasa-preview/author.html]
[jellywp.com/html/sprasa-preview/category.html]
[jellywp.com/html/sprasa-preview/page-404.html]
[jellywp.com/html/sprasa-preview/inspiration.html]
[jellywp.com/html/sprasa-preview/business.html]
[jellywp.com/html/sprasa-preview/img/pexels-luis-quintero-3731255-scaled-500x350.jpg]
[jellywp.com/html/sprasa-preview/img/pexels-matt-hardy-2602545-scaled-500x350.jpg]
[jellywp.com/html/sprasa-preview/img/paige-muller-q_iJJGDATYQ-unsplash-500x350.jpg]
[jellywp.com/html/sprasa-preview/shop.html]
[jellywp.com/html/sprasa-preview/cart.html]
[jellywp.com/html/sprasa-preview/my-account.html]
[jellywp.com/html/sprasa-preview/img/pexels-ichad-windhiagiri-3993407-scaled-120x120.jpg]
[jellywp.com/html/sprasa-preview/img/pexels-unviajesinmaleta-3404200-120x120.jpg]
[jellywp.com/html/sprasa-preview/img/pexels-daria-shevtsova-1071162-scaled-1000x0.jpg]
[jellywp.com/html/sprasa-preview/img/dan-smedley-TBNzDilPfzo-unsplash-120x120.jpg]
[jellywp.com/html/sprasa-preview/img/markus-spiske-exUbjEirAsY-unsplash-120x120.jpg]
[jellywp.com/html/sprasa-preview/img/oskar-zhitnitsa-d7bPBiGq668-unsplash-500x350.jpg]
[jellywp.com/html/sprasa-preview/img/pexels-daria-shevtsova-709789-scaled-500x350.jpg]
[jellywp.com/html/sprasa-preview/img/daniel-korpai-L8y01mTuDZg-unsplash-scaled-500x350.jpg]
[jellywp.com/html/sprasa-preview/img/alex-block-O6PS-ts5C2A-unsplash-500x350.jpg]
[jellywp.com/html/sprasa-preview/img/pexels-broken-villages-3991602-1000x650.jpg]
[jellywp.com/html/sprasa-preview/img/andrea-davis-2pJoyAPvetk-unsplash-1000x650.jpg]
[jellywp.com/html/sprasa-preview/img/pexels-josh-hild-2422259-1000x650.jpg]
[jellywp.com/html/sprasa-preview/img/bradley-dunn-9SGGun3iIig-unsplash-500x350.jpg]
[jellywp.com/html/sprasa-preview/img/chelsea-gates-cEj_1sfw3hA-unsplash-500x350.jpg]
[jellywp.com/html/sprasa-preview/img/priscilla-du-preez-dlxLGIy-2VU-unsplash-500x350.jpg]
[jellywp.com/html/sprasa-preview/img/pexels-andrea-piacquadio-3761523-1920x0.jpg]
[jellywp.com/html/sprasa-preview/img/pexels-asya-cusima-3097297-1920x0.jpg]
[jellywp.com/html/sprasa-preview/img/noah-carter-_TJ22WxXJ8U-unsplash.jpg]
[jellywp.com/html/sprasa-preview/img/freestocks-BIrCeCTdGAY-unsplash-500x350.jpg]
[jellywp.com/html/sprasa-preview/img/melanie-van-leeuwen-QA-qQfWJM0E-unsplash-500x350.jpg]
[jellywp.com/html/sprasa-preview/img/daniel-korpai-_RYbP9O-vTU-unsplash-500x350.jpg]
[jellywp.com/html/sprasa-preview/img/farol-106-JlriaTaLavA-unsplash-500x350.jpg]
[jellywp.com/html/sprasa-preview/img/pexels-helena-lopes-693268-500x350.jpg]
[jellywp.com/html/sprasa-preview/img/have-fun-do-good-MyhbXgx2DTk-unsplash-500x350.jpg]
[jellywp.com/html/sprasa-preview/img/pexels-daria-shevtsova-1257105-120x120.jpg]
[jellywp.com/html/sprasa-preview/img/jo-jo-M46Z1FXmD-c-unsplash-120x120.jpg]
[jellywp.com/html/sprasa-preview/img/melanie-van-leeuwen-QA-qQfWJM0E-unsplash-120x120.jpg]
[jellywp.com/html/sprasa-preview/img/ads.png]
[jellywp.com/html/sprasa-preview/img/klara-kulikova-f2d9xY93ym0-unsplash-450x450.jpg]
[jellywp.com/html/sprasa-preview/img/pexels-ichad-windhiagiri-3993407-scaled-450x450.jpg]
[jellywp.com/html/sprasa-preview/img/jeffrey-f-lin-XYESMxSp-yk-unsplash-450x450.jpg]
[jellywp.com/html/sprasa-preview/img/william-recinos-qtYhAQnIwSE-unsplash-450x450.jpg]
[jellywp.com/html/sprasa-preview/img/taylor-simpson-GxDo5JXcErw-unsplash-450x450.jpg]
[jellywp.com/html/sprasa-preview/img/obi-onyeador-xoXlVmsH6I-unsplash-450x450.jpg]
[jellywp.com/html/sprasa-preview/img/laura-chouette-IbsP3KmoWa4-unsplash-120x120.jpg]
[jellywp.com/html/sprasa-preview/img/gbarkz-cMHzDQ8ZPMM-unsplash-scaled-120x120.jpg]
[jellywp.com/html/sprasa-preview/img/morning-brew-rWfR4uYBFtY-unsplash-120x120.jpg]
[jellywp.com/html/sprasa-preview/img/pexels-andrea-piacquadio-3808904-1-120x120.jpg]
[jellywp.com/html/sprasa-preview/img/tianyi-ma-WiONHd_zYI4-unsplash-120x120.jpg]
[jellywp.com/html/sprasa-preview/img/pexels-anna-shvets-3905792-120x120.jpg]
[jellywp.com/html/sprasa-preview/img/alexunder-hess-6zqd6092B1c-unsplash-120x120.jpg]
[jellywp.com/html/sprasa-preview/img/daniel-korpai-Y3LGWCsrgmg-unsplash-120x120.jpg]
[jellywp.com/html/sprasa-preview/index.html]
[jellywp.com/html/sprasa-preview/css/fonts/jl_font678a.eot]
[jellywp.com/html/sprasa-preview/css/fonts/jl_font678a.ttf]
[jellywp.com/html/sprasa-preview/js/jquery.js]
[jellywp.com/html/sprasa-preview/css/fonts/jl_font678a.svg]
[jellywp.com/html/sprasa-preview/images/icons/loader.svg]
[jellywp.com/html/sprasa-preview/images/icons/credit-cards/visa.svg]
[jellywp.com/html/sprasa-preview/images/icons/credit-cards/mastercard.svg]
[jellywp.com/html/sprasa-preview/images/icons/credit-cards/diners.svg]
[jellywp.com/html/sprasa-preview/images/icons/credit-cards/maestro.svg]
[jellywp.com/html/sprasa-preview/images/icons/credit-cards/jcb.svg]
[jellywp.com/html/sprasa-preview/images/icons/credit-cards/amex.svg]
[jellywp.com/html/sprasa-preview/images/icons/credit-cards/discover.svg]
[jellywp.com/html/sprasa-preview/css/img/star-rating.png]
[jellywp.com/html/sprasa-preview/css/img/stars.png]
[jellywp.com/html/sprasa-preview/css/style.css]
[jellywp.com/html/sprasa-preview/index-2.html]
[jellywp.com/html/sprasa-preview/img/irene-kredenets-maO-qIKLqi8-unsplash-1-380x380.jpg]
[jellywp.com/html/sprasa-preview/img/annie-spratt-fbAnIjhrOL4-unsplash-380x380.jpg]
[jellywp.com/html/sprasa-preview/img/markus-spiske-exUbjEirAsY-unsplash-1920x982.jpg]
[jellywp.com/html/sprasa-preview/img/soundtrap-r4WnfCSyhxM-unsplash.jpg]
[jellywp.com/html/sprasa-preview/img/woman-sitting-and-smiling-1858175.jpg]
[jellywp.com/html/sprasa-preview/img/andrea-davis-2pJoyAPvetk-unsplash-500x360.jpg]
[jellywp.com/html/sprasa-preview/img/pexels-asya-cusima-3097297-500x350.jpg]
[jellywp.com/html/sprasa-preview/img/noah-carter-_TJ22WxXJ8U-unsplash-500x350.jpg]
[jellywp.com/html/sprasa-preview/post-layout-2.html]
[jellywp.com/html/sprasa-preview/img/taylor-friehl-OY7tJAwv6Y4-unsplash-1920x0.jpg]
[jellywp.com/html/sprasa-preview/img/adam-jaime-dmkmrNptMpw-unsplash-500x350.jpg]
[jellywp.com/html/sprasa-preview/img/morning-brew-OUMw43P04nc-unsplash-500x350.jpg]
[jellywp.com/html/sprasa-preview/post-layout-3.html]
[jellywp.com/html/sprasa-preview/img/jo-jo-M46Z1FXmD-c-unsplash-1000x650.jpg]
[jellywp.com/html/sprasa-preview/img/taylor-friehl-OY7tJAwv6Y4-unsplash-500x360.jpg]
[jellywp.com/html/sprasa-preview/post-format-standard.html]
[jellywp.com/html/sprasa-preview/img/adam-jaime-dmkmrNptMpw-unsplash-1000x650.jpg]
[jellywp.com/html/sprasa-preview/img/have-fun-do-good-MyhbXgx2DTk-unsplash-1000x650.jpg]
[jellywp.com/html/sprasa-preview/post-format-gallery.html]
[jellywp.com/html/sprasa-preview/img/daniel-korpai-L8y01mTuDZg-unsplash-1000x650.jpg]
[jellywp.com/html/sprasa-preview/img/dan-smedley-TBNzDilPfzo-unsplash-500x350.jpg]
[jellywp.com/html/sprasa-preview/img/andre-ouellet-lGUJOzDBTJk-unsplash-500x350.jpg]
[jellywp.com/html/sprasa-preview/img/pexels-josh-hild-2422259-500x350.jpg]
[jellywp.com/html/sprasa-preview/post-format-quote.html]
[jellywp.com/html/sprasa-preview/img/pexels-daria-shevtsova-1071162-scaled-500x350.jpg]
[jellywp.com/html/sprasa-preview/post-format-video.html]
[jellywp.com/html/sprasa-preview/img/andre-maliik-v5Kd6MSmzoQ-unsplash-500x360.jpg]
[jellywp.com/html/sprasa-preview/img/pexels-broken-villages-3991602-500x350.jpg]
[jellywp.com/html/sprasa-preview/post-format-audio.html]
[jellywp.com/html/sprasa-preview/img/markus-spiske-exUbjEirAsY-unsplash-500x360.jpg]
[jellywp.com/html/sprasa-preview/author.html]
[jellywp.com/html/sprasa-preview/img/dan-smedley-TBNzDilPfzo-unsplash-1000x650.jpg]
[jellywp.com/html/sprasa-preview/img/marko-blazevic-WFLRbk562Yo-unsplash-500x350.jpg]
[jellywp.com/html/sprasa-preview/img/pexels-andrea-piacquadio-3761523-500x350.jpg]
[jellywp.com/html/sprasa-preview/img/christopher-rusev-dDLEvWzehac-unsplash-scaled-500x350.jpg]
[jellywp.com/html/sprasa-preview/img/pexels-tracy-le-blanc-607812-500x350.jpg]
[jellywp.com/html/sprasa-preview/img/pexels-gustavo-fring-4254145-500x350.jpg]
[jellywp.com/html/sprasa-preview/img/pexels-unviajesinmaleta-3404200-500x350.jpg]
[jellywp.com/html/sprasa-preview/img/pexels-suzy-hazelwood-2072867-500x350.jpg]
[jellywp.com/html/sprasa-preview/category.html]
[jellywp.com/html/sprasa-preview/page-404.html]
[jellywp.com/html/sprasa-preview/img/andre-maliik-v5Kd6MSmzoQ-unsplash-scaled-1000x650.jpg]
[jellywp.com/html/sprasa-preview/img/person-taking-photo-of-bowl-of-vegetables-1580470-500x350.jpg]
[jellywp.com/html/sprasa-preview/img/pexels-ichad-windhiagiri-3993407-scaled-500x350.jpg]
[jellywp.com/html/sprasa-preview/img/taylor-simpson-GxDo5JXcErw-unsplash-500x350.jpg]
[jellywp.com/html/sprasa-preview/inspiration.html]
[jellywp.com/html/sprasa-preview/img/pexels-daria-shevtsova-1071162-scaled-1000x650.jpg]
[jellywp.com/html/sprasa-preview/img/amin-hasani-hz7ryGL6oug-unsplash-500x328.jpg]
[jellywp.com/html/sprasa-preview/img/ben-o-sullivan-GNp7ng0lR-8-unsplash-scaled-500x340.jpg]
[jellywp.com/html/sprasa-preview/img/pexels-bella-zhong-2731977-500x340.jpg]
[jellywp.com/html/sprasa-preview/img/laura-chouette-IbsP3KmoWa4-unsplash-500x360.jpg]
[jellywp.com/html/sprasa-preview/img/klara-kulikova-f2d9xY93ym0-unsplash-500x350.jpg]
[jellywp.com/html/sprasa-preview/img/william-recinos-qtYhAQnIwSE-unsplash-500x350.jpg]
[jellywp.com/html/sprasa-preview/business.html]
[jellywp.com/html/sprasa-preview/img/taylor-friehl-VwzvLjsiPb4-unsplash-500x360.jpg]
[jellywp.com/html/sprasa-preview/shop-single.html]
[jellywp.com/html/sprasa-preview/img/insung-yoon-w2JtIQQXoRU-unsplash-380x380.jpg]
[jellywp.com/html/sprasa-preview/shop1e32.html]
[jellywp.com/html/sprasa-preview/img/jude-beck-vEtUNxTes90-unsplash-380x380.jpg]
[jellywp.com/html/sprasa-preview/shop5412.html]
[jellywp.com/html/sprasa-preview/shop7e21.html]
[jellywp.com/html/sprasa-preview/img/pexels-melvin-buezo-2529148-380x380.jpg]
[jellywp.com/html/sprasa-preview/shop499f.html]
[jellywp.com/html/sprasa-preview/shop18c1.html]
[jellywp.com/html/sprasa-preview/img/imani-bahati-LxVxPA1LOVM-unsplash-380x380.jpg]
[jellywp.com/html/sprasa-preview/shop7fd8.html]
[jellywp.com/html/sprasa-preview/img/byork-azsIrEsOvJY-unsplash-380x380.jpg]
[jellywp.com/html/sprasa-preview/img/pexels-hormel-2762247-380x380.jpg]
[jellywp.com/html/sprasa-preview/shop1950.html]
[jellywp.com/html/sprasa-preview/shopbd81.html]
[jellywp.com/html/sprasa-preview/shop92a5.html]
[jellywp.com/html/sprasa-preview/shop.html]
[jellywp.com/html/sprasa-preview/cartf4c6.html]
[jellywp.com/html/sprasa-preview/cart.html]
[jellywp.com/html/sprasa-preview/my-account.html]
[jellywp.com/html/sprasa-preview/img/andre-maliik-v5Kd6MSmzoQ-unsplash-scaled-120x120.jpg]
[jellywp.com/html/sprasa-preview/img/adam-jaime-dmkmrNptMpw-unsplash-120x120.jpg]
[jellywp.com/html/sprasa-preview/img/taylor-friehl-yqMPFPj-BWA-unsplash-500x350.jpg]
[jellywp.com/html/sprasa-preview/img/brooke-cagle-WHWYBmtn3_0-unsplash-500x350.jpg]
[jellywp.com/html/sprasa-preview/img/andre-ouellet-lGUJOzDBTJk-unsplash-1000x650.jpg]
[jellywp.com/html/sprasa-preview/img/freestocks-BIrCeCTdGAY-unsplash-1000x650.jpg]
[jellywp.com/html/sprasa-preview/img/pexels-andrea-piacquadio-3761523-1920x0.jpg]
[jellywp.com/html/sprasa-preview/css/fonts/jl_font678a.svg]
[jellywp.com/html/sprasa-preview/images/icons/loader.html]
[jellywp.com/html/sprasa-preview/images/icons/credit-cards/visa.html]
[jellywp.com/html/sprasa-preview/images/icons/credit-cards/mastercard.html]
[jellywp.com/html/sprasa-preview/css/fonts/jl_font678a.woff]
[jellywp.com/html/sprasa-preview/images/icons/credit-cards/laser.svg]
[jellywp.com/html/sprasa-preview/images/icons/credit-cards/diners.html]
[jellywp.com/html/sprasa-preview/images/icons/credit-cards/maestro.html]
[jellywp.com/html/sprasa-preview/images/icons/credit-cards/jcb.html]
[jellywp.com/html/sprasa-preview/images/icons/credit-cards/amex.html]
[jellywp.com/html/sprasa-preview/images/icons/credit-cards/discover.html]
[jellywp.com/html/sprasa-preview/css/img/star-rating.html]
[jellywp.com/html/sprasa-preview/css/img/stars.html]
[jellywp.com/html/sprasa-preview/index-2.html]
[jellywp.com/html/sprasa-preview/post-layout-1.html]
[jellywp.com/html/sprasa-preview/img/pexels-ba-tik-3754296.jpg]
[jellywp.com/html/sprasa-preview/img/woman-sitting-and-smiling-1858175.jpg]
[jellywp.com/html/sprasa-preview/img/jeffrey-f-lin-XYESMxSp-yk-unsplash-500x350.jpg]
[jellywp.com/html/sprasa-preview/img/pexels-daria-shevtsova-1071162-scaled-1000x650.jpg]
[jellywp.com/html/sprasa-preview/img/herdian-indraputra-6kNVJ1fr3Ug-unsplash.jpg]
[jellywp.com/html/sprasa-preview/shop-single18c1.html]
[jellywp.com/html/sprasa-preview/img/phaedra-botanicals-ga-OGEV0Uag-unsplash-380x380.jpg]
[jellywp.com/html/sprasa-preview/shop-single70f8.html]
[jellywp.com/html/sprasa-preview/shop-single.html]
[jellywp.com/html/sprasa-preview/shop1e32.html]
[jellywp.com/html/sprasa-preview/shop5412.html]
[jellywp.com/html/sprasa-preview/shop7e21.html]
[jellywp.com/html/sprasa-preview/shopacaf.html]
[jellywp.com/html/sprasa-preview/img/grant-ritchie-pJ1JxTbWyaA-unsplash-380x380.jpg]
[jellywp.com/html/sprasa-preview/shop499f.html]
[jellywp.com/html/sprasa-preview/shop18c1.html]
[jellywp.com/html/sprasa-preview/shop7fd8.html]
[jellywp.com/html/sprasa-preview/shopf4c6.html]
[jellywp.com/html/sprasa-preview/shop1950.html]
[jellywp.com/html/sprasa-preview/shopbd81.html]
[jellywp.com/html/sprasa-preview/img/sincerely-media-rjB_1MT6G18-unsplash-380x380.jpg]
[jellywp.com/html/sprasa-preview/img/amanda-dalbjorn-t7WrWaewbtw-unsplash-380x380.jpg]
[jellywp.com/html/sprasa-preview/shop92a5.html]
[jellywp.com/html/sprasa-preview/cartf4c6.html]
[jellywp.com/html/sprasa-preview/img/ben-o-sullivan-GNp7ng0lR-8-unsplash-scaled-120x120.jpg]
[jellywp.com/html/sprasa-preview/img/pexels-toni-ph-1834391-scaled-500x350.jpg]
[jellywp.com/html/sprasa-preview/img/pexels-andrea-piacquadio-3761523-1920x0.jpg]
[jellywp.com/html/sprasa-preview/images/icons/credit-cards/laser.svg]
[jellywp.com/html/sprasa-preview/img/daniel-korpai-_RYbP9O-vTU-unsplash-120x120.jpg]
[jellywp.com/html/sprasa-preview/img/taylor-friehl-2xcrqyi95iQ-unsplash-1000x650.jpg]
[jellywp.com/html/sprasa-preview/img/taylor-friehl-dyTCdSo5diI-unsplash-1000x650.jpg]
[jellywp.com/html/sprasa-preview/post-layout-1.html]
[jellywp.com/html/sprasa-preview/img/hunter-newton-WQEe4c757Gs-unsplash.jpg]
[jellywp.com/html/sprasa-preview/shop-single18c1.html]
[jellywp.com/html/sprasa-preview/shop-single70f8.html]
[jellywp.com/html/sprasa-preview/shopacaf.html]
[jellywp.com/html/sprasa-preview/shopf4c6.html]
[jellywp.com/html/sprasa-preview/img/woman-sitting-and-smiling-1858175.jpg]
[jellywp.com/html/sprasa-preview/img/pexels-daria-shevtsova-1071162-scaled-1000x650.jpg]
[jellywp.com/html/sprasa-preview/img/mel-poole-4byBtNuIyIg-unsplash-380x380.jpg]
[jellywp.com/html/sprasa-preview/shop-single499f.html]
[jellywp.com/html/sprasa-preview/shop-single1950.html]
[jellywp.com/html/sprasa-preview/shop-single499f.html]
[jellywp.com/html/sprasa-preview/shop-single1950.html]
